[
  {
    "name": "acorn",
    "version": "4.0.11",
    "from": ">=4.0.11 <5.0.0",
    "score": 100
  },
  {
    "name": "gpl-2.0",
    "version": "1.0.0",
    "from": ">=1.0.0 <2.0.0",
    "score": 0
  },
  {
    "name": "isarray",
    "version": "2.0.1",
    "from": "*",
    "score": 100
  },
  {
    "name": "tape",
    "version": "4.6.3",
    "from": ">=4.6.3 <5.0.0",
    "score": 100
  },
  {
    "name": "deep-equal",
    "version": "1.0.1",
    "from": ">=1.0.1 <1.1.0",
    "score": 100
  },
  {
    "name": "defined",
    "version": "1.0.0",
    "from": ">=1.0.0 <1.1.0",
    "score": 100
  },
  {
    "name": "for-each",
    "version": "0.3.2",
    "from": ">=0.3.2 <0.4.0",
    "score": 100
  },
  {
    "name": "is-function",
    "version": "1.0.1",
    "from": ">=1.0.0 <1.1.0",
    "score": 100
  },
  {
    "name": "function-bind",
    "version": "1.1.0",
    "from": ">=1.1.0 <1.2.0",
    "score": 100
  },
  {
    "name": "glob",
    "version": "7.1.1",
    "from": ">=7.1.1 <7.2.0",
    "score": 100
  },
  {
    "name": "fs.realpath",
    "version": "1.0.0",
    "from": ">=1.0.0 <2.0.0",
    "score": 100
  },
  {
    "name": "inflight",
    "version": "1.0.6",
    "from": ">=1.0.4 <2.0.0",
    "score": 100
  },
  {
    "name": "wrappy",
    "version": "1.0.2",
    "from": ">=1.0.0 <2.0.0",
    "score": 100
  },
  {
    "name": "minimatch",
    "version": "3.0.3",
    "from": ">=3.0.2 <4.0.0",
    "score": 100
  },
  {
    "name": "brace-expansion",
    "version": "1.1.6",
    "from": ">=1.0.0 <2.0.0",
    "score": 100
  },
  {
    "name": "balanced-match",
    "version": "0.4.2",
    "from": ">=0.4.1 <0.5.0",
    "score": 100
  },
  {
    "name": "concat-map",
    "version": "0.0.1",
    "from": "0.0.1",
    "score": 100
  },
  {
    "name": "once",
    "version": "1.4.0",
    "from": ">=1.3.0 <2.0.0",
    "score": 100
  },
  {
    "name": "path-is-absolute",
    "version": "1.0.1",
    "from": ">=1.0.0 <2.0.0",
    "score": 100
  },
  {
    "name": "has",
    "version": "1.0.1",
    "from": ">=1.0.1 <1.1.0",
    "score": 93
  },
  {
    "name": "inherits",
    "version": "2.0.3",
    "from": ">=2.0.3 <2.1.0",
    "score": 100
  },
  {
    "name": "minimist",
    "version": "1.2.0",
    "from": ">=1.2.0 <1.3.0",
    "score": 100
  },
  {
    "name": "object-inspect",
    "version": "1.2.1",
    "from": ">=1.2.1 <1.3.0",
    "score": 100
  },
  {
    "name": "resolve",
    "version": "1.1.7",
    "from": ">=1.1.7 <1.2.0",
    "score": 100
  },
  {
    "name": "resumer",
    "version": "0.0.0",
    "from": ">=0.0.0 <0.1.0",
    "score": 100
  },
  {
    "name": "string.prototype.trim",
    "version": "1.1.2",
    "from": ">=1.1.2 <1.2.0",
    "score": 100
  },
  {
    "name": "define-properties",
    "version": "1.1.2",
    "from": ">=1.1.2 <2.0.0",
    "score": 100
  },
  {
    "name": "foreach",
    "version": "2.0.5",
    "from": ">=2.0.5 <3.0.0",
    "score": 100
  },
  {
    "name": "object-keys",
    "version": "1.0.11",
    "from": ">=1.0.8 <2.0.0",
    "score": 100
  },
  {
    "name": "es-abstract",
    "version": "1.7.0",
    "from": ">=1.5.0 <2.0.0",
    "score": 100
  },
  {
    "name": "es-to-primitive",
    "version": "1.1.1",
    "from": ">=1.1.1 <2.0.0",
    "score": 100
  },
  {
    "name": "is-date-object",
    "version": "1.0.1",
    "from": ">=1.0.1 <2.0.0",
    "score": 100
  },
  {
    "name": "is-symbol",
    "version": "1.0.1",
    "from": ">=1.0.1 <2.0.0",
    "score": 100
  },
  {
    "name": "is-callable",
    "version": "1.1.3",
    "from": ">=1.1.3 <2.0.0",
    "score": 100
  },
  {
    "name": "is-regex",
    "version": "1.0.4",
    "from": ">=1.0.3 <2.0.0",
    "score": 100
  },
  {
    "name": "through",
    "version": "2.3.8",
    "from": ">=2.3.8 <2.4.0",
    "score": 93
  }
]
