┌────────────────────────────────────┬───────────────┬────────┐
│ Package                            │ Version       │ Score  │
├────────────────────────────────────┼───────────────┼────────┤
│ acorn                              │ 4.0.11        │ 100    │
├────────────────────────────────────┼───────────────┼────────┤
│ gpl-2.0                            │ 1.0.0         │ 0      │
├────────────────────────────────────┼───────────────┼────────┤
│ isarray                            │ 2.0.1         │ 100    │
├────────────────────────────────────┼───────────────┼────────┤
│ tape                               │ 4.6.3         │ 100    │
├────────────────────────────────────┼───────────────┼────────┤
│ deep-equal                         │ 1.0.1         │ 100    │
├────────────────────────────────────┼───────────────┼────────┤
│ defined                            │ 1.0.0         │ 100    │
├────────────────────────────────────┼───────────────┼────────┤
│ for-each                           │ 0.3.2         │ 100    │
├────────────────────────────────────┼───────────────┼────────┤
│ is-function                        │ 1.0.1         │ 100    │
├────────────────────────────────────┼───────────────┼────────┤
│ function-bind                      │ 1.1.0         │ 100    │
├────────────────────────────────────┼───────────────┼────────┤
│ glob                               │ 7.1.1         │ 100    │
├────────────────────────────────────┼───────────────┼────────┤
│ fs.realpath                        │ 1.0.0         │ 100    │
├────────────────────────────────────┼───────────────┼────────┤
│ inflight                           │ 1.0.6         │ 100    │
├────────────────────────────────────┼───────────────┼────────┤
│ wrappy                             │ 1.0.2         │ 100    │
├────────────────────────────────────┼───────────────┼────────┤
│ minimatch                          │ 3.0.3         │ 100    │
├────────────────────────────────────┼───────────────┼────────┤
│ brace-expansion                    │ 1.1.6         │ 100    │
├────────────────────────────────────┼───────────────┼────────┤
│ balanced-match                     │ 0.4.2         │ 100    │
├────────────────────────────────────┼───────────────┼────────┤
│ concat-map                         │ 0.0.1         │ 100    │
├────────────────────────────────────┼───────────────┼────────┤
│ once                               │ 1.4.0         │ 100    │
├────────────────────────────────────┼───────────────┼────────┤
│ path-is-absolute                   │ 1.0.1         │ 100    │
├────────────────────────────────────┼───────────────┼────────┤
│ has                                │ 1.0.1         │ 93     │
├────────────────────────────────────┼───────────────┼────────┤
│ inherits                           │ 2.0.3         │ 100    │
├────────────────────────────────────┼───────────────┼────────┤
│ minimist                           │ 1.2.0         │ 100    │
├────────────────────────────────────┼───────────────┼────────┤
│ object-inspect                     │ 1.2.1         │ 100    │
├────────────────────────────────────┼───────────────┼────────┤
│ resolve                            │ 1.1.7         │ 100    │
├────────────────────────────────────┼───────────────┼────────┤
│ resumer                            │ 0.0.0         │ 100    │
├────────────────────────────────────┼───────────────┼────────┤
│ string.prototype.trim              │ 1.1.2         │ 100    │
├────────────────────────────────────┼───────────────┼────────┤
│ define-properties                  │ 1.1.2         │ 100    │
├────────────────────────────────────┼───────────────┼────────┤
│ foreach                            │ 2.0.5         │ 100    │
├────────────────────────────────────┼───────────────┼────────┤
│ object-keys                        │ 1.0.11        │ 100    │
├────────────────────────────────────┼───────────────┼────────┤
│ es-abstract                        │ 1.7.0         │ 100    │
├────────────────────────────────────┼───────────────┼────────┤
│ es-to-primitive                    │ 1.1.1         │ 100    │
├────────────────────────────────────┼───────────────┼────────┤
│ is-date-object                     │ 1.0.1         │ 100    │
├────────────────────────────────────┼───────────────┼────────┤
│ is-symbol                          │ 1.0.1         │ 100    │
├────────────────────────────────────┼───────────────┼────────┤
│ is-callable                        │ 1.1.3         │ 100    │
├────────────────────────────────────┼───────────────┼────────┤
│ is-regex                           │ 1.0.4         │ 100    │
├────────────────────────────────────┼───────────────┼────────┤
│ through                            │ 2.3.8         │ 93     │
└────────────────────────────────────┴───────────────┴────────┘
